// Jest Snapshot v1, https://goo.gl/fbAQLP

exports[`Home Component Tree 1`] = `
<div>
  <h2>
    Let's do some maths
  </h2>
  <div
    className="calculatorContainer"
  >
    <div
      className="outputDisplay"
    >
      0
    </div>
    <div
      className="operatorSection"
    >
      <button
        className="operator"
        onClick={[Function]}
        type="button"
      >
        รท
      </button>
      <button
        className="operator"
        onClick={[Function]}
        type="button"
      >
        x
      </button>
      <button
        className="operator"
        onClick={[Function]}
        type="button"
      >
        -
      </button>
      <button
        className="operator"
        onClick={[Function]}
        type="button"
      >
        +
      </button>
      <button
        className="operator"
        onClick={[Function]}
        type="button"
      >
        =
      </button>
    </div>
    <div
      className="operandSection"
    >
      <button
        className="digit"
        onClick={[Function]}
        type="button"
      >
        AC
      </button>
      <button
        className="digit"
        onClick={[Function]}
        type="button"
      >
        +/-
      </button>
      <button
        className="digit"
        onClick={[Function]}
        type="button"
      >
        %
      </button>
      <button
        className="digit"
        onClick={[Function]}
        type="button"
      >
        7
      </button>
      <button
        className="digit"
        onClick={[Function]}
        type="button"
      >
        8
      </button>
      <button
        className="digit"
        onClick={[Function]}
        type="button"
      >
        9
      </button>
      <button
        className="digit"
        onClick={[Function]}
        type="button"
      >
        4
      </button>
      <button
        className="digit"
        onClick={[Function]}
        type="button"
      >
        5
      </button>
      <button
        className="digit"
        onClick={[Function]}
        type="button"
      >
        6
      </button>
      <button
        className="digit"
        onClick={[Function]}
        type="button"
      >
        1
      </button>
      <button
        className="digit"
        onClick={[Function]}
        type="button"
      >
        2
      </button>
      <button
        className="digit"
        onClick={[Function]}
        type="button"
      >
        3
      </button>
      <button
        className="digit zero"
        onClick={[Function]}
        type="button"
      >
        0
      </button>
      <button
        className="digit"
        onClick={[Function]}
        type="button"
      >
        .
      </button>
    </div>
  </div>
</div>
`;
