// Jest Snapshot v1, https://goo.gl/fbAQLP

exports[`Quote Component Tree 1`] = `<ul />`;
